/Users/adamsimkin/Documents/GitHub/ADSS_Group_A/Inventory/dev/Service/BadReport.java
/Users/adamsimkin/Documents/GitHub/ADSS_Group_A/Inventory/dev/DAO/OrderDeliverdDAO.java
/Users/adamsimkin/Documents/GitHub/ADSS_Group_A/Inventory/dev/Tests/InventoryTests.java
/Users/adamsimkin/Documents/GitHub/ADSS_Group_A/Inventory/dev/Domain/MainDomain.java
/Users/adamsimkin/Documents/GitHub/ADSS_Group_A/Inventory/dev/Domain/DiscountDomain.java
/Users/adamsimkin/Documents/GitHub/ADSS_Group_A/Inventory/dev/Service/DiscountService.java
/Users/adamsimkin/Documents/GitHub/ADSS_Group_A/Inventory/dev/DTO/ProductDTO.java
/Users/adamsimkin/Documents/GitHub/ADSS_Group_A/Inventory/dev/type/Position.java
/Users/adamsimkin/Documents/GitHub/ADSS_Group_A/Inventory/dev/Service/MainService.java
/Users/adamsimkin/Documents/GitHub/ADSS_Group_A/Inventory/dev/Domain/OrderDeliverdDomian.java
/Users/adamsimkin/Documents/GitHub/ADSS_Group_A/Inventory/dev/Domain/CategoryDomain.java
/Users/adamsimkin/Documents/GitHub/ADSS_Group_A/Inventory/dev/DTO/DiscountDTO.java
/Users/adamsimkin/Documents/GitHub/ADSS_Group_A/Inventory/dev/Service/SupplyService.java
/Users/adamsimkin/Documents/GitHub/ADSS_Group_A/Inventory/dev/Main.java
/Users/adamsimkin/Documents/GitHub/ADSS_Group_A/Inventory/dev/DAO/ProductDAO.java
/Users/adamsimkin/Documents/GitHub/ADSS_Group_A/Inventory/dev/DAO/SupplyDAO.java
/Users/adamsimkin/Documents/GitHub/ADSS_Group_A/Inventory/dev/DTO/CategoryDTO.java
/Users/adamsimkin/Documents/GitHub/ADSS_Group_A/Inventory/dev/Domain/SupplyDomain.java
/Users/adamsimkin/Documents/GitHub/ADSS_Group_A/Inventory/dev/DTO/SaleDTO.java
/Users/adamsimkin/Documents/GitHub/ADSS_Group_A/Inventory/dev/Service/SupplyReport.java
/Users/adamsimkin/Documents/GitHub/ADSS_Group_A/Inventory/dev/Service/CurrentInventoryReport.java
/Users/adamsimkin/Documents/GitHub/ADSS_Group_A/Inventory/dev/DAO/DiscountDAO.java
/Users/adamsimkin/Documents/GitHub/ADSS_Group_A/Inventory/dev/Service/ProductService.java
/Users/adamsimkin/Documents/GitHub/ADSS_Group_A/Inventory/dev/DAO/SaleDAO.java
/Users/adamsimkin/Documents/GitHub/ADSS_Group_A/Inventory/dev/Service/ReportServise.java
/Users/adamsimkin/Documents/GitHub/ADSS_Group_A/Inventory/dev/Domain/ProductDomain.java
/Users/adamsimkin/Documents/GitHub/ADSS_Group_A/Inventory/dev/Service/SaleService.java
/Users/adamsimkin/Documents/GitHub/ADSS_Group_A/Inventory/dev/Domain/SaleDomain.java
/Users/adamsimkin/Documents/GitHub/ADSS_Group_A/Inventory/dev/DTO/SupplyDTO.java
/Users/adamsimkin/Documents/GitHub/ADSS_Group_A/Inventory/dev/DAO/CategoryDAO.java
/Users/adamsimkin/Documents/GitHub/ADSS_Group_A/Inventory/dev/Presentation/PresentationMenu.java
