/Users/adamsimkin/Documents/GitHub/ADSS_Group_A/Suppliers/dev/ServiceLayer/OrderService.java
/Users/adamsimkin/Documents/GitHub/ADSS_Group_A/Suppliers/dev/DTOs/Enums/OrderStatus.java
/Users/adamsimkin/Documents/GitHub/ADSS_Group_A/Suppliers/dev/PresentationLayer/Forms/SupplierForm.java
/Users/adamsimkin/Documents/GitHub/ADSS_Group_A/Suppliers/dev/ServiceLayer/IntegrationService.java
/Users/adamsimkin/Documents/GitHub/ADSS_Group_A/Suppliers/dev/PresentationLayer/Commands/SupplierCommands/RemoveSupplierCMD.java
/Users/adamsimkin/Documents/GitHub/ADSS_Group_A/Suppliers/dev/DTOs/AddressDTO.java
/Users/adamsimkin/Documents/GitHub/ADSS_Group_A/Suppliers/dev/DTOs/ContactInfoDTO.java
/Users/adamsimkin/Documents/GitHub/ADSS_Group_A/Suppliers/dev/DTOs/AgreementDTO.java
/Users/adamsimkin/Documents/GitHub/ADSS_Group_A/Suppliers/dev/PresentationLayer/AppCLI.java
/Users/adamsimkin/Documents/GitHub/ADSS_Group_A/Suppliers/dev/DTOs/BillofQuantitiesItemDTO.java
/Users/adamsimkin/Documents/GitHub/ADSS_Group_A/Suppliers/dev/PresentationLayer/CLIs/AgreementCLI.java
/Users/adamsimkin/Documents/GitHub/ADSS_Group_A/Suppliers/dev/PresentationLayer/CLIs/SupplierCLI.java
/Users/adamsimkin/Documents/GitHub/ADSS_Group_A/Suppliers/dev/PresentationLayer/CLIs/ProductCLI.java
/Users/adamsimkin/Documents/GitHub/ADSS_Group_A/Suppliers/dev/ServiceLayer/Interfaces_and_Abstracts/IValidator.java
/Users/adamsimkin/Documents/GitHub/ADSS_Group_A/Suppliers/dev/PresentationLayer/Commands/SupplierCommands/CreateSupplierCMD.java
/Users/adamsimkin/Documents/GitHub/ADSS_Group_A/Suppliers/dev/ServiceLayer/Interfaces_and_Abstracts/Validators/ProductValidator.java
/Users/adamsimkin/Documents/GitHub/ADSS_Group_A/Suppliers/dev/ServiceLayer/Interfaces_and_Abstracts/Validators/AgreementValidator.java
/Users/adamsimkin/Documents/GitHub/ADSS_Group_A/Suppliers/dev/DomainLayer/Classes/SupplierProduct.java
/Users/adamsimkin/Documents/GitHub/ADSS_Group_A/Suppliers/dev/PresentationLayer/InteractiveForm.java
/Users/adamsimkin/Documents/GitHub/ADSS_Group_A/Suppliers/dev/ServiceLayer/AgreementService.java
/Users/adamsimkin/Documents/GitHub/ADSS_Group_A/Suppliers/dev/ServiceLayer/SupplierService.java
/Users/adamsimkin/Documents/GitHub/ADSS_Group_A/Suppliers/dev/DTOs/PeriodicOrderDTO.java
/Users/adamsimkin/Documents/GitHub/ADSS_Group_A/Suppliers/dev/PresentationLayer/Commands/ProductCommands/CreateProductCMD.java
/Users/adamsimkin/Documents/GitHub/ADSS_Group_A/Suppliers/dev/PresentationLayer/Forms/ProductForm.java
/Users/adamsimkin/Documents/GitHub/ADSS_Group_A/Suppliers/dev/ServiceLayer/BaseService.java
/Users/adamsimkin/Documents/GitHub/ADSS_Group_A/Suppliers/dev/PresentationLayer/Commands/AgreementCommands/UpdateAgreementCMD.java
/Users/adamsimkin/Documents/GitHub/ADSS_Group_A/Suppliers/dev/DomainLayer/Classes/PeriodicOrder.java
/Users/adamsimkin/Documents/GitHub/ADSS_Group_A/Suppliers/dev/DTOs/Enums/PaymentMethod.java
/Users/adamsimkin/Documents/GitHub/ADSS_Group_A/Suppliers/dev/PresentationLayer/Commands/AgreementCommands/ViewAgreementsBySupplierIdCMD.java
/Users/adamsimkin/Documents/GitHub/ADSS_Group_A/Suppliers/dev/DomainLayer/AgreementFacade.java
/Users/adamsimkin/Documents/GitHub/ADSS_Group_A/Suppliers/dev/DTOs/OrderItemLineDTO.java
/Users/adamsimkin/Documents/GitHub/ADSS_Group_A/Suppliers/dev/DTOs/SupplierProductDTO.java
/Users/adamsimkin/Documents/GitHub/ADSS_Group_A/Suppliers/dev/DomainLayer/Classes/Address.java
/Users/adamsimkin/Documents/GitHub/ADSS_Group_A/Suppliers/dev/PresentationLayer/Commands/ProductCommands/ViewAllProductsCMD.java
/Users/adamsimkin/Documents/GitHub/ADSS_Group_A/Suppliers/dev/PresentationLayer/Commands/SupplierCommands/UpdateSupplierCMD.java
/Users/adamsimkin/Documents/GitHub/ADSS_Group_A/Suppliers/dev/DTOs/CatalogProductDTO.java
/Users/adamsimkin/Documents/GitHub/ADSS_Group_A/Suppliers/dev/DTOs/Enums/PaymentTerm.java
/Users/adamsimkin/Documents/GitHub/ADSS_Group_A/Suppliers/dev/DomainLayer/Classes/PaymentDetails.java
/Users/adamsimkin/Documents/GitHub/ADSS_Group_A/Suppliers/dev/PresentationLayer/Commands/AgreementCommands/CreateAgreementCMD.java
/Users/adamsimkin/Documents/GitHub/ADSS_Group_A/Suppliers/dev/DTOs/Enums/DayofWeek.java
/Users/adamsimkin/Documents/GitHub/ADSS_Group_A/Suppliers/dev/PresentationLayer/CommandInterface.java
/Users/adamsimkin/Documents/GitHub/ADSS_Group_A/Suppliers/dev/PresentationLayer/Commands/ProductCommands/RemoveProductCMD.java
/Users/adamsimkin/Documents/GitHub/ADSS_Group_A/Suppliers/dev/DTOs/OrderDTO.java
/Users/adamsimkin/Documents/GitHub/ADSS_Group_A/Suppliers/dev/DomainLayer/Classes/Agreement.java
/Users/adamsimkin/Documents/GitHub/ADSS_Group_A/Suppliers/dev/PresentationLayer/Forms/AgreementForm.java
/Users/adamsimkin/Documents/GitHub/ADSS_Group_A/Suppliers/dev/DTOs/SupplierDTO.java
/Users/adamsimkin/Documents/GitHub/ADSS_Group_A/Suppliers/dev/PresentationLayer/AbstractCommand.java
/Users/adamsimkin/Documents/GitHub/ADSS_Group_A/Suppliers/dev/DomainLayer/Classes/BillofQuantitiesItem.java
/Users/adamsimkin/Documents/GitHub/ADSS_Group_A/Suppliers/dev/PresentationLayer/Commands/ProductCommands/UpdateProductCMD.java
/Users/adamsimkin/Documents/GitHub/ADSS_Group_A/Suppliers/dev/PresentationLayer/Commands/AgreementCommands/RemoveAgreementCMD.java
/Users/adamsimkin/Documents/GitHub/ADSS_Group_A/Suppliers/dev/PresentationLayer/AbstractController.java
/Users/adamsimkin/Documents/GitHub/ADSS_Group_A/Suppliers/dev/DomainLayer/Classes/OrderItemLine.java
/Users/adamsimkin/Documents/GitHub/ADSS_Group_A/Suppliers/dev/DomainLayer/BeanPatch.java
/Users/adamsimkin/Documents/GitHub/ADSS_Group_A/Suppliers/dev/DomainLayer/OrderFacade.java
/Users/adamsimkin/Documents/GitHub/ADSS_Group_A/Suppliers/dev/PresentationLayer/View.java
/Users/adamsimkin/Documents/GitHub/ADSS_Group_A/Suppliers/dev/DTOs/PaymentDetailsDTO.java
/Users/adamsimkin/Documents/GitHub/ADSS_Group_A/Suppliers/dev/DomainLayer/SupplierController.java
/Users/adamsimkin/Documents/GitHub/ADSS_Group_A/Suppliers/dev/ServiceLayer/Interfaces_and_Abstracts/ServiceResponse.java
/Users/adamsimkin/Documents/GitHub/ADSS_Group_A/Suppliers/dev/DomainLayer/Classes/Order.java
/Users/adamsimkin/Documents/GitHub/ADSS_Group_A/Suppliers/dev/DomainLayer/Classes/Supplier.java
/Users/adamsimkin/Documents/GitHub/ADSS_Group_A/Suppliers/dev/DomainLayer/Classes/ContactInfo.java
/Users/adamsimkin/Documents/GitHub/ADSS_Group_A/Suppliers/dev/ServiceLayer/Interfaces_and_Abstracts/Validators/SupplierValidator.java
/Users/adamsimkin/Documents/GitHub/ADSS_Group_A/Suppliers/dev/PresentationLayer/Commands/SupplierCommands/ViewAllSuppliersCMD.java
/Users/adamsimkin/Documents/GitHub/ADSS_Group_A/Suppliers/dev/DomainLayer/BaseFacade.java
