DTOs/AddressDTO.class
PresentationLayer/Commands/ProductCommands/ViewAllProductsCMD.class
DomainLayer/Classes/PeriodicOrder.class
PresentationLayer/Forms/SupplierForm.class
DTOs/BillofQuantitiesItemDTO.class
PresentationLayer/Commands/SupplierCommands/RemoveSupplierCMD.class
PresentationLayer/AbstractCommand.class
PresentationLayer/Commands/AgreementCommands/ViewAgreementsBySupplierIdCMD.class
DTOs/Enums/DayofWeek.class
PresentationLayer/Commands/AgreementCommands/CreateAgreementCMD.class
ServiceLayer/IntegrationService.class
DomainLayer/Classes/ContactInfo.class
PresentationLayer/Commands/ProductCommands/RemoveProductCMD.class
DomainLayer/Classes/Address.class
ServiceLayer/Interfaces_and_Abstracts/Validators/AgreementValidator.class
DomainLayer/Classes/BillofQuantitiesItem.class
DTOs/CatalogProductDTO.class
PresentationLayer/Commands/SupplierCommands/UpdateSupplierCMD.class
PresentationLayer/Forms/AgreementForm.class
DomainLayer/Classes/SupplierProduct.class
PresentationLayer/Forms/ProductForm.class
DTOs/OrderItemLineDTO.class
DTOs/ContactInfoDTO.class
DomainLayer/BeanPatch.class
DTOs/SupplierProductDTO.class
PresentationLayer/Commands/AgreementCommands/RemoveAgreementCMD.class
DomainLayer/Classes/Supplier.class
PresentationLayer/CLIs/AgreementCLI.class
PresentationLayer/AbstractController.class
ServiceLayer/Interfaces_and_Abstracts/IValidator.class
PresentationLayer/InteractiveForm.class
DomainLayer/BaseFacade.class
DTOs/PeriodicOrderDTO.class
PresentationLayer/Commands/ProductCommands/CreateProductCMD.class
ServiceLayer/Interfaces_and_Abstracts/Validators/SupplierValidator.class
ServiceLayer/OrderService.class
PresentationLayer/InteractiveForm$Cancelled.class
PresentationLayer/Commands/AgreementCommands/UpdateAgreementCMD.class
DTOs/OrderDTO.class
ServiceLayer/Interfaces_and_Abstracts/ServiceResponse.class
DomainLayer/SupplierController.class
DomainLayer/Classes/PaymentDetails.class
PresentationLayer/Commands/ProductCommands/UpdateProductCMD.class
DomainLayer/Classes/OrderItemLine.class
DTOs/Enums/PaymentMethod.class
ServiceLayer/SupplierService.class
ServiceLayer/BaseService.class
PresentationLayer/Commands/SupplierCommands/ViewAllSuppliersCMD.class
DomainLayer/OrderFacade.class
DTOs/PaymentDetailsDTO.class
DTOs/AgreementDTO.class
ServiceLayer/Interfaces_and_Abstracts/Validators/ProductValidator.class
DomainLayer/Classes/Agreement.class
DTOs/Enums/OrderStatus.class
DTOs/Enums/PaymentTerm.class
DTOs/SupplierDTO.class
ServiceLayer/AgreementService.class
DomainLayer/Classes/Order.class
DomainLayer/AgreementFacade.class
PresentationLayer/AppCLI.class
PresentationLayer/CLIs/ProductCLI.class
PresentationLayer/View.class
PresentationLayer/CommandInterface.class
PresentationLayer/CLIs/SupplierCLI.class
PresentationLayer/Commands/SupplierCommands/CreateSupplierCMD.class
