/Users/adamsimkin/Documents/GitHub/ADSS_Group_A/dev/Suppliers/dev/PresentationLayer/Commands/AgreementCommands/ViewAgreementsBySupplierIdCMD.java
/Users/adamsimkin/Documents/GitHub/ADSS_Group_A/dev/Inventory/dev/DTO/SupplyDTO.java
/Users/adamsimkin/Documents/GitHub/ADSS_Group_A/dev/Inventory/dev/Service/ReportServise.java
/Users/adamsimkin/Documents/GitHub/ADSS_Group_A/dev/Suppliers/dev/DTOs/OrderItemLineDTO.java
/Users/adamsimkin/Documents/GitHub/ADSS_Group_A/dev/Inventory/dev/DTO/SaleDTO.java
/Users/adamsimkin/Documents/GitHub/ADSS_Group_A/dev/Suppliers/dev/PresentationLayer/AbstractCommand.java
/Users/adamsimkin/Documents/GitHub/ADSS_Group_A/dev/Suppliers/dev/DTOs/OrderDTO.java
/Users/adamsimkin/Documents/GitHub/ADSS_Group_A/dev/Suppliers/dev/DomainLayer/Classes/PeriodicOrder.java
/Users/adamsimkin/Documents/GitHub/ADSS_Group_A/dev/Inventory/dev/Domain/SaleDomain.java
/Users/adamsimkin/Documents/GitHub/ADSS_Group_A/dev/Inventory/dev/DAO/OrderDeliverdDAO.java
/Users/adamsimkin/Documents/GitHub/ADSS_Group_A/dev/Suppliers/dev/ServiceLayer/OrderService.java
/Users/adamsimkin/Documents/GitHub/ADSS_Group_A/dev/Inventory/dev/Presentation/PresentationMenu.java
/Users/adamsimkin/Documents/GitHub/ADSS_Group_A/dev/Suppliers/dev/DTOs/AgreementDTO.java
/Users/adamsimkin/Documents/GitHub/ADSS_Group_A/dev/Suppliers/dev/DomainLayer/Classes/OrderItemLine.java
/Users/adamsimkin/Documents/GitHub/ADSS_Group_A/dev/Suppliers/dev/ServiceLayer/Interfaces_and_Abstracts/IValidator.java
/Users/adamsimkin/Documents/GitHub/ADSS_Group_A/dev/Inventory/dev/type/Position.java
/Users/adamsimkin/Documents/GitHub/ADSS_Group_A/dev/Suppliers/Tests/CreateSupplierCmdTest.java
/Users/adamsimkin/Documents/GitHub/ADSS_Group_A/dev/Suppliers/dev/DomainLayer/Classes/ContactInfo.java
/Users/adamsimkin/Documents/GitHub/ADSS_Group_A/dev/Suppliers/dev/PresentationLayer/Commands/ProductCommands/CreateProductCMD.java
/Users/adamsimkin/Documents/GitHub/ADSS_Group_A/dev/Suppliers/dev/ServiceLayer/Interfaces_and_Abstracts/Validators/ProductValidator.java
/Users/adamsimkin/Documents/GitHub/ADSS_Group_A/dev/Suppliers/dev/PresentationLayer/CommandInterface.java
/Users/adamsimkin/Documents/GitHub/ADSS_Group_A/dev/Inventory/dev/Domain/OrderDeliverdDomian.java
/Users/adamsimkin/Documents/GitHub/ADSS_Group_A/dev/Suppliers/dev/ServiceLayer/BaseService.java
/Users/adamsimkin/Documents/GitHub/ADSS_Group_A/dev/Suppliers/dev/ServiceLayer/AgreementService.java
/Users/adamsimkin/Documents/GitHub/ADSS_Group_A/dev/Suppliers/dev/DomainLayer/BeanPatch.java
/Users/adamsimkin/Documents/GitHub/ADSS_Group_A/dev/Suppliers/dev/DTOs/ContactInfoDTO.java
/Users/adamsimkin/Documents/GitHub/ADSS_Group_A/dev/Inventory/dev/Service/SupplyService.java
/Users/adamsimkin/Documents/GitHub/ADSS_Group_A/dev/Suppliers/dev/DomainLayer/Classes/SupplierProduct.java
/Users/adamsimkin/Documents/GitHub/ADSS_Group_A/dev/Suppliers/dev/DTOs/Enums/PaymentMethod.java
/Users/adamsimkin/Documents/GitHub/ADSS_Group_A/dev/Inventory/dev/Service/MainService.java
/Users/adamsimkin/Documents/GitHub/ADSS_Group_A/dev/Inventory/dev/Domain/DiscountDomain.java
/Users/adamsimkin/Documents/GitHub/ADSS_Group_A/dev/Suppliers/dev/PresentationLayer/Forms/AgreementForm.java
/Users/adamsimkin/Documents/GitHub/ADSS_Group_A/dev/Inventory/dev/Main.java
/Users/adamsimkin/Documents/GitHub/ADSS_Group_A/dev/Suppliers/dev/DTOs/AddressDTO.java
/Users/adamsimkin/Documents/GitHub/ADSS_Group_A/dev/Inventory/dev/Service/DiscountService.java
/Users/adamsimkin/Documents/GitHub/ADSS_Group_A/dev/Suppliers/dev/DTOs/CatalogProductDTO.java
/Users/adamsimkin/Documents/GitHub/ADSS_Group_A/dev/Suppliers/dev/DTOs/Enums/PaymentTerm.java
/Users/adamsimkin/Documents/GitHub/ADSS_Group_A/dev/Suppliers/dev/DomainLayer/AgreementFacade.java
/Users/adamsimkin/Documents/GitHub/ADSS_Group_A/dev/Suppliers/dev/DomainLayer/Classes/Agreement.java
/Users/adamsimkin/Documents/GitHub/ADSS_Group_A/dev/Suppliers/dev/DomainLayer/OrderFacade.java
/Users/adamsimkin/Documents/GitHub/ADSS_Group_A/dev/Suppliers/dev/PresentationLayer/View.java
/Users/adamsimkin/Documents/GitHub/ADSS_Group_A/dev/Suppliers/dev/PresentationLayer/Commands/ProductCommands/ViewAllProductsCMD.java
/Users/adamsimkin/Documents/GitHub/ADSS_Group_A/dev/Inventory/dev/DTO/ProductDTO.java
/Users/adamsimkin/Documents/GitHub/ADSS_Group_A/dev/Inventory/dev/Domain/ProductDomain.java
/Users/adamsimkin/Documents/GitHub/ADSS_Group_A/dev/Inventory/dev/Service/ProductService.java
/Users/adamsimkin/Documents/GitHub/ADSS_Group_A/dev/Suppliers/dev/PresentationLayer/Commands/ProductCommands/UpdateProductCMD.java
/Users/adamsimkin/Documents/GitHub/ADSS_Group_A/dev/Suppliers/dev/PresentationLayer/CLIs/AgreementCLI.java
/Users/adamsimkin/Documents/GitHub/ADSS_Group_A/dev/Suppliers/dev/ServiceLayer/SupplierService.java
/Users/adamsimkin/Documents/GitHub/ADSS_Group_A/dev/Suppliers/dev/PresentationLayer/Commands/SupplierCommands/ViewAllSuppliersCMD.java
/Users/adamsimkin/Documents/GitHub/ADSS_Group_A/dev/Suppliers/dev/DomainLayer/Classes/BillofQuantitiesItem.java
/Users/adamsimkin/Documents/GitHub/ADSS_Group_A/dev/Suppliers/dev/DTOs/SupplierDTO.java
/Users/adamsimkin/Documents/GitHub/ADSS_Group_A/dev/Suppliers/dev/DomainLayer/Classes/Address.java
/Users/adamsimkin/Documents/GitHub/ADSS_Group_A/dev/Suppliers/dev/ServiceLayer/Interfaces_and_Abstracts/ServiceResponse.java
/Users/adamsimkin/Documents/GitHub/ADSS_Group_A/dev/Suppliers/dev/DomainLayer/SupplierController.java
/Users/adamsimkin/Documents/GitHub/ADSS_Group_A/dev/Main.java
/Users/adamsimkin/Documents/GitHub/ADSS_Group_A/dev/Suppliers/dev/PresentationLayer/AbstractController.java
/Users/adamsimkin/Documents/GitHub/ADSS_Group_A/dev/Inventory/dev/Service/SupplyReport.java
/Users/adamsimkin/Documents/GitHub/ADSS_Group_A/dev/Suppliers/dev/DTOs/PaymentDetailsDTO.java
/Users/adamsimkin/Documents/GitHub/ADSS_Group_A/dev/Suppliers/dev/PresentationLayer/Commands/AgreementCommands/CreateAgreementCMD.java
/Users/adamsimkin/Documents/GitHub/ADSS_Group_A/dev/Suppliers/dev/ServiceLayer/Interfaces_and_Abstracts/Validators/SupplierValidator.java
/Users/adamsimkin/Documents/GitHub/ADSS_Group_A/dev/Inventory/dev/DTO/CategoryDTO.java
/Users/adamsimkin/Documents/GitHub/ADSS_Group_A/dev/Inventory/dev/Service/CurrentInventoryReport.java
/Users/adamsimkin/Documents/GitHub/ADSS_Group_A/dev/Suppliers/dev/DTOs/Enums/OrderStatus.java
/Users/adamsimkin/Documents/GitHub/ADSS_Group_A/dev/Inventory/dev/DAO/ProductDAO.java
/Users/adamsimkin/Documents/GitHub/ADSS_Group_A/dev/Inventory/dev/Tests/InventoryTests.java
/Users/adamsimkin/Documents/GitHub/ADSS_Group_A/dev/Suppliers/dev/DomainLayer/Classes/Order.java
/Users/adamsimkin/Documents/GitHub/ADSS_Group_A/dev/Suppliers/dev/PresentationLayer/AppCLI.java
/Users/adamsimkin/Documents/GitHub/ADSS_Group_A/dev/Suppliers/dev/PresentationLayer/Commands/SupplierCommands/RemoveSupplierCMD.java
/Users/adamsimkin/Documents/GitHub/ADSS_Group_A/dev/Inventory/dev/Service/SaleService.java
/Users/adamsimkin/Documents/GitHub/ADSS_Group_A/dev/Inventory/dev/DAO/DiscountDAO.java
/Users/adamsimkin/Documents/GitHub/ADSS_Group_A/dev/Inventory/dev/Service/BadReport.java
/Users/adamsimkin/Documents/GitHub/ADSS_Group_A/dev/Suppliers/dev/DomainLayer/Classes/Supplier.java
/Users/adamsimkin/Documents/GitHub/ADSS_Group_A/dev/Suppliers/dev/PresentationLayer/Forms/ProductForm.java
/Users/adamsimkin/Documents/GitHub/ADSS_Group_A/dev/Suppliers/dev/PresentationLayer/Commands/SupplierCommands/CreateSupplierCMD.java
/Users/adamsimkin/Documents/GitHub/ADSS_Group_A/dev/Suppliers/dev/PresentationLayer/CLIs/ProductCLI.java
/Users/adamsimkin/Documents/GitHub/ADSS_Group_A/dev/Suppliers/dev/PresentationLayer/InteractiveForm.java
/Users/adamsimkin/Documents/GitHub/ADSS_Group_A/dev/Suppliers/dev/DTOs/PeriodicOrderDTO.java
/Users/adamsimkin/Documents/GitHub/ADSS_Group_A/dev/Suppliers/dev/DomainLayer/BaseFacade.java
/Users/adamsimkin/Documents/GitHub/ADSS_Group_A/dev/Suppliers/dev/DTOs/SupplierProductDTO.java
/Users/adamsimkin/Documents/GitHub/ADSS_Group_A/dev/Inventory/dev/DAO/SaleDAO.java
/Users/adamsimkin/Documents/GitHub/ADSS_Group_A/dev/Suppliers/dev/PresentationLayer/Commands/AgreementCommands/UpdateAgreementCMD.java
/Users/adamsimkin/Documents/GitHub/ADSS_Group_A/dev/Suppliers/dev/PresentationLayer/Commands/SupplierCommands/UpdateSupplierCMD.java
/Users/adamsimkin/Documents/GitHub/ADSS_Group_A/dev/Inventory/dev/DAO/SupplyDAO.java
/Users/adamsimkin/Documents/GitHub/ADSS_Group_A/dev/Suppliers/dev/DomainLayer/Classes/PaymentDetails.java
/Users/adamsimkin/Documents/GitHub/ADSS_Group_A/dev/Suppliers/dev/PresentationLayer/Commands/AgreementCommands/RemoveAgreementCMD.java
/Users/adamsimkin/Documents/GitHub/ADSS_Group_A/dev/Inventory/dev/DAO/CategoryDAO.java
/Users/adamsimkin/Documents/GitHub/ADSS_Group_A/dev/Suppliers/dev/PresentationLayer/Forms/SupplierForm.java
/Users/adamsimkin/Documents/GitHub/ADSS_Group_A/dev/Suppliers/dev/ServiceLayer/Interfaces_and_Abstracts/Validators/AgreementValidator.java
/Users/adamsimkin/Documents/GitHub/ADSS_Group_A/dev/Suppliers/dev/DTOs/Enums/DayofWeek.java
/Users/adamsimkin/Documents/GitHub/ADSS_Group_A/dev/Suppliers/dev/PresentationLayer/CLIs/SupplierCLI.java
/Users/adamsimkin/Documents/GitHub/ADSS_Group_A/dev/Inventory/dev/DTO/DiscountDTO.java
/Users/adamsimkin/Documents/GitHub/ADSS_Group_A/dev/Inventory/dev/Domain/CategoryDomain.java
/Users/adamsimkin/Documents/GitHub/ADSS_Group_A/dev/Suppliers/dev/DTOs/BillofQuantitiesItemDTO.java
/Users/adamsimkin/Documents/GitHub/ADSS_Group_A/dev/Inventory/dev/Domain/MainDomain.java
/Users/adamsimkin/Documents/GitHub/ADSS_Group_A/dev/Inventory/dev/Domain/SupplyDomain.java
/Users/adamsimkin/Documents/GitHub/ADSS_Group_A/dev/Suppliers/dev/ServiceLayer/IntegrationService.java
/Users/adamsimkin/Documents/GitHub/ADSS_Group_A/dev/Suppliers/dev/PresentationLayer/Commands/ProductCommands/RemoveProductCMD.java
